// Jest Snapshot v1, https://goo.gl/fbAQLP

exports[`Button by default renders correctly 1`] = `<button type="button" class="vnt-button">Button</button>`;

exports[`Button can be disabled renders correctly 1`] = `<button type="button" disabled="disabled" class="vnt-button">Button</button>`;
